2026-02-02 21:54:49 +09:00: No encryption key found - Auto-generating and saving to: C:\Users\kjhde\.n8n\config
2026-02-02 21:54:49 +09:00: Initializing n8n process
2026-02-02 21:54:49 +09:00: n8n ready on ::, port 5678
2026-02-02 21:54:49 +09:00: Migrations in progress, please do NOT stop the process.
2026-02-02 21:54:49 +09:00: Starting migration InitialMigration1588102412422
2026-02-02 21:54:49 +09:00: Finished migration InitialMigration1588102412422
2026-02-02 21:54:49 +09:00: Starting migration WebhookModel1592445003908
2026-02-02 21:54:49 +09:00: Finished migration WebhookModel1592445003908
2026-02-02 21:54:49 +09:00: Starting migration CreateIndexStoppedAt1594825041918
2026-02-02 21:54:49 +09:00: Finished migration CreateIndexStoppedAt1594825041918
2026-02-02 21:54:49 +09:00: Starting migration MakeStoppedAtNullable1607431743769
2026-02-02 21:54:49 +09:00: Finished migration MakeStoppedAtNullable1607431743769
2026-02-02 21:54:49 +09:00: Starting migration AddWebhookId1611071044839
2026-02-02 21:54:49 +09:00: Finished migration AddWebhookId1611071044839
2026-02-02 21:54:49 +09:00: Starting migration CreateTagEntity1617213344594
2026-02-02 21:54:49 +09:00: Finished migration CreateTagEntity1617213344594
2026-02-02 21:54:49 +09:00: Starting migration UniqueWorkflowNames1620821879465
2026-02-02 21:54:49 +09:00: Finished migration UniqueWorkflowNames1620821879465
2026-02-02 21:54:49 +09:00: Starting migration AddWaitColumn1621707690587
2026-02-02 21:54:49 +09:00: Finished migration AddWaitColumn1621707690587
2026-02-02 21:54:49 +09:00: Starting migration UpdateWorkflowCredentials1630330987096
2026-02-02 21:54:49 +09:00: Finished migration UpdateWorkflowCredentials1630330987096
2026-02-02 21:54:49 +09:00: Starting migration AddExecutionEntityIndexes1644421939510
2026-02-02 21:54:49 +09:00: Finished migration AddExecutionEntityIndexes1644421939510
2026-02-02 21:54:49 +09:00: Starting migration CreateUserManagement1646992772331
2026-02-02 21:54:49 +09:00: Finished migration CreateUserManagement1646992772331
2026-02-02 21:54:49 +09:00: Starting migration LowerCaseUserEmail1648740597343
2026-02-02 21:54:49 +09:00: Finished migration LowerCaseUserEmail1648740597343
2026-02-02 21:54:49 +09:00: Starting migration CommunityNodes1652254514001
2026-02-02 21:54:49 +09:00: Finished migration CommunityNodes1652254514001
2026-02-02 21:54:49 +09:00: Starting migration AddUserSettings1652367743993
2026-02-02 21:54:49 +09:00: Finished migration AddUserSettings1652367743993
2026-02-02 21:54:49 +09:00: Starting migration AddAPIKeyColumn1652905585850
2026-02-02 21:54:49 +09:00: Finished migration AddAPIKeyColumn1652905585850
2026-02-02 21:54:49 +09:00: Starting migration IntroducePinData1654089251344
2026-02-02 21:54:49 +09:00: Finished migration IntroducePinData1654089251344
2026-02-02 21:54:49 +09:00: Starting migration AddNodeIds1658930531669
2026-02-02 21:54:49 +09:00: Finished migration AddNodeIds1658930531669
2026-02-02 21:54:49 +09:00: Starting migration AddJsonKeyPinData1659888469333
2026-02-02 21:54:49 +09:00: Finished migration AddJsonKeyPinData1659888469333
2026-02-02 21:54:49 +09:00: Starting migration CreateCredentialsUserRole1660062385367
2026-02-02 21:54:49 +09:00: Finished migration CreateCredentialsUserRole1660062385367
2026-02-02 21:54:49 +09:00: Starting migration CreateWorkflowsEditorRole1663755770892
2026-02-02 21:54:49 +09:00: Finished migration CreateWorkflowsEditorRole1663755770892
2026-02-02 21:54:49 +09:00: Starting migration WorkflowStatistics1664196174000
2026-02-02 21:54:49 +09:00: Finished migration WorkflowStatistics1664196174000
2026-02-02 21:54:49 +09:00: Starting migration CreateCredentialUsageTable1665484192211
2026-02-02 21:54:49 +09:00: Finished migration CreateCredentialUsageTable1665484192211
2026-02-02 21:54:49 +09:00: Starting migration RemoveCredentialUsageTable1665754637024
2026-02-02 21:54:49 +09:00: Finished migration RemoveCredentialUsageTable1665754637024
2026-02-02 21:54:49 +09:00: Starting migration AddWorkflowVersionIdColumn1669739707124
2026-02-02 21:54:49 +09:00: Finished migration AddWorkflowVersionIdColumn1669739707124
2026-02-02 21:54:49 +09:00: Starting migration AddTriggerCountColumn1669823906993
2026-02-02 21:54:49 +09:00: Finished migration AddTriggerCountColumn1669823906993
2026-02-02 21:54:49 +09:00: Starting migration MessageEventBusDestinations1671535397530
2026-02-02 21:54:49 +09:00: Finished migration MessageEventBusDestinations1671535397530
2026-02-02 21:54:49 +09:00: Starting migration RemoveWorkflowDataLoadedFlag1671726148419
2026-02-02 21:54:49 +09:00: Finished migration RemoveWorkflowDataLoadedFlag1671726148419
2026-02-02 21:54:49 +09:00: Starting migration DeleteExecutionsWithWorkflows1673268682475
2026-02-02 21:54:49 +09:00: Finished migration DeleteExecutionsWithWorkflows1673268682475
2026-02-02 21:54:49 +09:00: Starting migration AddStatusToExecutions1674138566000
2026-02-02 21:54:49 +09:00: Finished migration AddStatusToExecutions1674138566000
2026-02-02 21:54:49 +09:00: Starting migration CreateLdapEntities1674509946020
2026-02-02 21:54:49 +09:00: Finished migration CreateLdapEntities1674509946020
2026-02-02 21:54:49 +09:00: Starting migration PurgeInvalidWorkflowConnections1675940580449
2026-02-02 21:54:49 +09:00: Finished migration PurgeInvalidWorkflowConnections1675940580449
2026-02-02 21:54:49 +09:00: Starting migration MigrateExecutionStatus1676996103000
2026-02-02 21:54:49 +09:00: Finished migration MigrateExecutionStatus1676996103000
2026-02-02 21:54:49 +09:00: Starting migration UpdateRunningExecutionStatus1677237073720
2026-02-02 21:54:49 +09:00: Finished migration UpdateRunningExecutionStatus1677237073720
2026-02-02 21:54:49 +09:00: Starting migration CreateVariables1677501636752
2026-02-02 21:54:49 +09:00: Finished migration CreateVariables1677501636752
2026-02-02 21:54:49 +09:00: Starting migration CreateExecutionMetadataTable1679416281777
2026-02-02 21:54:49 +09:00: Finished migration CreateExecutionMetadataTable1679416281777
2026-02-02 21:54:49 +09:00: Starting migration AddUserActivatedProperty1681134145996
2026-02-02 21:54:49 +09:00: Finished migration AddUserActivatedProperty1681134145996
2026-02-02 21:54:49 +09:00: Starting migration RemoveSkipOwnerSetup1681134145997
2026-02-02 21:54:49 +09:00: Finished migration RemoveSkipOwnerSetup1681134145997
2026-02-02 21:54:49 +09:00: Starting migration MigrateIntegerKeysToString1690000000002
2026-02-02 21:54:49 +09:00: Finished migration MigrateIntegerKeysToString1690000000002
2026-02-02 21:54:49 +09:00: Starting migration SeparateExecutionData1690000000010
2026-02-02 21:54:49 +09:00: Finished migration SeparateExecutionData1690000000010
2026-02-02 21:54:49 +09:00: Starting migration FixMissingIndicesFromStringIdMigration1690000000020
2026-02-02 21:54:49 +09:00: Finished migration FixMissingIndicesFromStringIdMigration1690000000020
2026-02-02 21:54:49 +09:00: Starting migration RemoveResetPasswordColumns1690000000030
2026-02-02 21:54:49 +09:00: Finished migration RemoveResetPasswordColumns1690000000030
2026-02-02 21:54:49 +09:00: Starting migration AddMfaColumns1690000000030
2026-02-02 21:54:49 +09:00: Finished migration AddMfaColumns1690000000030
2026-02-02 21:54:49 +09:00: Starting migration CreateWorkflowNameIndex1691088862123
2026-02-02 21:54:49 +09:00: Finished migration CreateWorkflowNameIndex1691088862123
2026-02-02 21:54:49 +09:00: Starting migration CreateWorkflowHistoryTable1692967111175
2026-02-02 21:54:49 +09:00: Finished migration CreateWorkflowHistoryTable1692967111175
2026-02-02 21:54:49 +09:00: Starting migration ExecutionSoftDelete1693491613982
2026-02-02 21:54:49 +09:00: Finished migration ExecutionSoftDelete1693491613982
2026-02-02 21:54:49 +09:00: Starting migration DisallowOrphanExecutions1693554410387
2026-02-02 21:54:49 +09:00: Finished migration DisallowOrphanExecutions1693554410387
2026-02-02 21:54:49 +09:00: Starting migration AddWorkflowMetadata1695128658538
2026-02-02 21:54:49 +09:00: Finished migration AddWorkflowMetadata1695128658538
2026-02-02 21:54:49 +09:00: Starting migration ModifyWorkflowHistoryNodesAndConnections1695829275184
2026-02-02 21:54:49 +09:00: Finished migration ModifyWorkflowHistoryNodesAndConnections1695829275184
2026-02-02 21:54:49 +09:00: Starting migration AddGlobalAdminRole1700571993961
2026-02-02 21:54:49 +09:00: Finished migration AddGlobalAdminRole1700571993961
2026-02-02 21:54:49 +09:00: Starting migration DropRoleMapping1705429061930
2026-02-02 21:54:49 +09:00: Finished migration DropRoleMapping1705429061930
2026-02-02 21:54:49 +09:00: Starting migration RemoveFailedExecutionStatus1711018413374
2026-02-02 21:54:49 +09:00: Finished migration RemoveFailedExecutionStatus1711018413374
2026-02-02 21:54:49 +09:00: Starting migration MoveSshKeysToDatabase1711390882123
2026-02-02 21:54:49 +09:00: [MoveSshKeysToDatabase1711390882123] No SSH keys in filesystem, skipping
2026-02-02 21:54:49 +09:00: Finished migration MoveSshKeysToDatabase1711390882123
2026-02-02 21:54:49 +09:00: Starting migration RemoveNodesAccess1712044305787
2026-02-02 21:54:49 +09:00: Finished migration RemoveNodesAccess1712044305787
2026-02-02 21:54:49 +09:00: Starting migration CreateProject1714133768519
2026-02-02 21:54:49 +09:00: Finished migration CreateProject1714133768519
2026-02-02 21:54:49 +09:00: Starting migration MakeExecutionStatusNonNullable1714133768521
2026-02-02 21:54:49 +09:00: Finished migration MakeExecutionStatusNonNullable1714133768521
2026-02-02 21:54:49 +09:00: Starting migration AddActivatedAtUserSetting1717498465931
2026-02-02 21:54:49 +09:00: Finished migration AddActivatedAtUserSetting1717498465931
2026-02-02 21:54:49 +09:00: Starting migration AddConstraintToExecutionMetadata1720101653148
2026-02-02 21:54:49 +09:00: Finished migration AddConstraintToExecutionMetadata1720101653148
2026-02-02 21:54:49 +09:00: Starting migration CreateInvalidAuthTokenTable1723627610222
2026-02-02 21:54:49 +09:00: Finished migration CreateInvalidAuthTokenTable1723627610222
2026-02-02 21:54:49 +09:00: Starting migration RefactorExecutionIndices1723796243146
2026-02-02 21:54:49 +09:00: Finished migration RefactorExecutionIndices1723796243146
2026-02-02 21:54:49 +09:00: Starting migration CreateAnnotationTables1724753530828
2026-02-02 21:54:49 +09:00: Finished migration CreateAnnotationTables1724753530828
2026-02-02 21:54:49 +09:00: Starting migration AddApiKeysTable1724951148974
2026-02-02 21:54:49 +09:00: Finished migration AddApiKeysTable1724951148974
2026-02-02 21:54:49 +09:00: Starting migration CreateProcessedDataTable1726606152711
2026-02-02 21:54:49 +09:00: Finished migration CreateProcessedDataTable1726606152711
2026-02-02 21:54:49 +09:00: Starting migration SeparateExecutionCreationFromStart1727427440136
2026-02-02 21:54:49 +09:00: Finished migration SeparateExecutionCreationFromStart1727427440136
2026-02-02 21:54:49 +09:00: Starting migration AddMissingPrimaryKeyOnAnnotationTagMapping1728659839644
2026-02-02 21:54:49 +09:00: Finished migration AddMissingPrimaryKeyOnAnnotationTagMapping1728659839644
2026-02-02 21:54:49 +09:00: Starting migration UpdateProcessedDataValueColumnToText1729607673464
2026-02-02 21:54:49 +09:00: Finished migration UpdateProcessedDataValueColumnToText1729607673464
2026-02-02 21:54:49 +09:00: Starting migration AddProjectIcons1729607673469
2026-02-02 21:54:49 +09:00: Finished migration AddProjectIcons1729607673469
2026-02-02 21:54:49 +09:00: Starting migration CreateTestDefinitionTable1730386903556
2026-02-02 21:54:49 +09:00: Finished migration CreateTestDefinitionTable1730386903556
2026-02-02 21:54:49 +09:00: Starting migration AddDescriptionToTestDefinition1731404028106
2026-02-02 21:54:49 +09:00: Finished migration AddDescriptionToTestDefinition1731404028106
2026-02-02 21:54:49 +09:00: Starting migration MigrateTestDefinitionKeyToString1731582748663
2026-02-02 21:54:49 +09:00: Finished migration MigrateTestDefinitionKeyToString1731582748663
2026-02-02 21:54:49 +09:00: Starting migration CreateTestMetricTable1732271325258
2026-02-02 21:54:49 +09:00: Finished migration CreateTestMetricTable1732271325258
2026-02-02 21:54:49 +09:00: Starting migration CreateTestRun1732549866705
2026-02-02 21:54:49 +09:00: Finished migration CreateTestRun1732549866705
2026-02-02 21:54:49 +09:00: Starting migration AddMockedNodesColumnToTestDefinition1733133775640
2026-02-02 21:54:49 +09:00: Finished migration AddMockedNodesColumnToTestDefinition1733133775640
2026-02-02 21:54:49 +09:00: Starting migration AddManagedColumnToCredentialsTable1734479635324
2026-02-02 21:54:49 +09:00: Finished migration AddManagedColumnToCredentialsTable1734479635324
2026-02-02 21:54:49 +09:00: Starting migration AddStatsColumnsToTestRun1736172058779
2026-02-02 21:54:49 +09:00: Finished migration AddStatsColumnsToTestRun1736172058779
2026-02-02 21:54:49 +09:00: Starting migration CreateTestCaseExecutionTable1736947513045
2026-02-02 21:54:49 +09:00: Finished migration CreateTestCaseExecutionTable1736947513045
2026-02-02 21:54:49 +09:00: Starting migration AddErrorColumnsToTestRuns1737715421462
2026-02-02 21:54:49 +09:00: Finished migration AddErrorColumnsToTestRuns1737715421462
2026-02-02 21:54:49 +09:00: Starting migration CreateFolderTable1738709609940
2026-02-02 21:54:49 +09:00: Finished migration CreateFolderTable1738709609940
2026-02-02 21:54:49 +09:00: Starting migration CreateAnalyticsTables1739549398681
2026-02-02 21:54:49 +09:00: Finished migration CreateAnalyticsTables1739549398681
2026-02-02 21:54:49 +09:00: Starting migration UpdateParentFolderIdColumn1740445074052
2026-02-02 21:54:49 +09:00: Finished migration UpdateParentFolderIdColumn1740445074052
2026-02-02 21:54:49 +09:00: Starting migration RenameAnalyticsToInsights1741167584277
2026-02-02 21:54:49 +09:00: Finished migration RenameAnalyticsToInsights1741167584277
2026-02-02 21:54:49 +09:00: Starting migration AddScopesColumnToApiKeys1742918400000
2026-02-02 21:54:49 +09:00: Finished migration AddScopesColumnToApiKeys1742918400000
2026-02-02 21:54:49 +09:00: Starting migration ClearEvaluation1745322634000
2026-02-02 21:54:49 +09:00: Finished migration ClearEvaluation1745322634000
2026-02-02 21:54:49 +09:00: Starting migration AddWorkflowStatisticsRootCount1745587087521
2026-02-02 21:54:49 +09:00: Finished migration AddWorkflowStatisticsRootCount1745587087521
2026-02-02 21:54:49 +09:00: Starting migration AddWorkflowArchivedColumn1745934666076
2026-02-02 21:54:49 +09:00: Finished migration AddWorkflowArchivedColumn1745934666076
2026-02-02 21:54:49 +09:00: Starting migration DropRoleTable1745934666077
2026-02-02 21:54:49 +09:00: Finished migration DropRoleTable1745934666077
2026-02-02 21:54:49 +09:00: Starting migration AddProjectDescriptionColumn1747824239000
2026-02-02 21:54:49 +09:00: Finished migration AddProjectDescriptionColumn1747824239000
2026-02-02 21:54:49 +09:00: Starting migration AddLastActiveAtColumnToUser1750252139166
2026-02-02 21:54:49 +09:00: Finished migration AddLastActiveAtColumnToUser1750252139166
2026-02-02 21:54:49 +09:00: Starting migration AddScopeTables1750252139166
2026-02-02 21:54:49 +09:00: Finished migration AddScopeTables1750252139166
2026-02-02 21:54:49 +09:00: Starting migration AddRolesTables1750252139167
2026-02-02 21:54:49 +09:00: Finished migration AddRolesTables1750252139167
2026-02-02 21:54:49 +09:00: Starting migration LinkRoleToUserTable1750252139168
2026-02-02 21:54:49 +09:00: Finished migration LinkRoleToUserTable1750252139168
2026-02-02 21:54:49 +09:00: Starting migration RemoveOldRoleColumn1750252139170
2026-02-02 21:54:49 +09:00: Finished migration RemoveOldRoleColumn1750252139170
2026-02-02 21:54:49 +09:00: Starting migration AddInputsOutputsToTestCaseExecution1752669793000
2026-02-02 21:54:49 +09:00: Finished migration AddInputsOutputsToTestCaseExecution1752669793000
2026-02-02 21:54:49 +09:00: Starting migration LinkRoleToProjectRelationTable1753953244168
2026-02-02 21:54:49 +09:00: Finished migration LinkRoleToProjectRelationTable1753953244168
2026-02-02 21:54:49 +09:00: Starting migration CreateDataStoreTables1754475614601
2026-02-02 21:54:49 +09:00: Finished migration CreateDataStoreTables1754475614601
2026-02-02 21:54:49 +09:00: Starting migration ReplaceDataStoreTablesWithDataTables1754475614602
2026-02-02 21:54:49 +09:00: Finished migration ReplaceDataStoreTablesWithDataTables1754475614602
2026-02-02 21:54:49 +09:00: Starting migration AddTimestampsToRoleAndRoleIndexes1756906557570
2026-02-02 21:54:49 +09:00: Finished migration AddTimestampsToRoleAndRoleIndexes1756906557570
2026-02-02 21:54:49 +09:00: Starting migration AddAudienceColumnToApiKeys1758731786132
2026-02-02 21:54:49 +09:00: Finished migration AddAudienceColumnToApiKeys1758731786132
2026-02-02 21:54:49 +09:00: Starting migration AddProjectIdToVariableTable1758794506893
2026-02-02 21:54:49 +09:00: Finished migration AddProjectIdToVariableTable1758794506893
2026-02-02 21:54:49 +09:00: Starting migration ChangeValueTypesForInsights1759399811000
2026-02-02 21:54:49 +09:00: Finished migration ChangeValueTypesForInsights1759399811000
2026-02-02 21:54:49 +09:00: Starting migration CreateChatHubTables1760019379982
2026-02-02 21:54:49 +09:00: Finished migration CreateChatHubTables1760019379982
2026-02-02 21:54:49 +09:00: Starting migration CreateChatHubAgentTable1760020000000
2026-02-02 21:54:49 +09:00: Finished migration CreateChatHubAgentTable1760020000000
2026-02-02 21:54:49 +09:00: Starting migration UniqueRoleNames1760020838000
2026-02-02 21:54:49 +09:00: Finished migration UniqueRoleNames1760020838000
2026-02-02 21:54:49 +09:00: Starting migration CreateOAuthEntities1760116750277
2026-02-02 21:54:49 +09:00: Finished migration CreateOAuthEntities1760116750277
2026-02-02 21:54:49 +09:00: Starting migration CreateWorkflowDependencyTable1760314000000
2026-02-02 21:54:49 +09:00: Finished migration CreateWorkflowDependencyTable1760314000000
2026-02-02 21:54:49 +09:00: Starting migration DropUnusedChatHubColumns1760965142113
2026-02-02 21:54:49 +09:00: Finished migration DropUnusedChatHubColumns1760965142113
2026-02-02 21:54:49 +09:00: Starting migration AddWorkflowVersionColumn1761047826451
2026-02-02 21:54:49 +09:00: Finished migration AddWorkflowVersionColumn1761047826451
2026-02-02 21:54:49 +09:00: Starting migration ChangeDependencyInfoToJson1761655473000
2026-02-02 21:54:49 +09:00: Finished migration ChangeDependencyInfoToJson1761655473000
2026-02-02 21:54:49 +09:00: Starting migration AddAttachmentsToChatHubMessages1761773155024
2026-02-02 21:54:49 +09:00: Finished migration AddAttachmentsToChatHubMessages1761773155024
2026-02-02 21:54:49 +09:00: Starting migration AddToolsColumnToChatHubTables1761830340990
2026-02-02 21:54:49 +09:00: Finished migration AddToolsColumnToChatHubTables1761830340990
2026-02-02 21:54:49 +09:00: Starting migration AddWorkflowDescriptionColumn1762177736257
2026-02-02 21:54:50 +09:00: Finished migration AddWorkflowDescriptionColumn1762177736257
2026-02-02 21:54:50 +09:00: Starting migration BackfillMissingWorkflowHistoryRecords1762763704614
2026-02-02 21:54:50 +09:00: Finished migration BackfillMissingWorkflowHistoryRecords1762763704614
2026-02-02 21:54:50 +09:00: Starting migration AddIsGlobalColumnToCredentialsTable1762771954619
2026-02-02 21:54:50 +09:00: Finished migration AddIsGlobalColumnToCredentialsTable1762771954619
2026-02-02 21:54:50 +09:00: Starting migration AddWorkflowHistoryAutoSaveFields1762847206508
2026-02-02 21:54:50 +09:00: Finished migration AddWorkflowHistoryAutoSaveFields1762847206508
2026-02-02 21:54:50 +09:00: Starting migration AddActiveVersionIdColumn1763047800000
2026-02-02 21:54:50 +09:00: Finished migration AddActiveVersionIdColumn1763047800000
2026-02-02 21:54:50 +09:00: Starting migration ActivateExecuteWorkflowTriggerWorkflows1763048000000
2026-02-02 21:54:50 +09:00: Finished migration ActivateExecuteWorkflowTriggerWorkflows1763048000000
2026-02-02 21:54:50 +09:00: Starting migration ChangeOAuthStateColumnToUnboundedVarchar1763572724000
2026-02-02 21:54:50 +09:00: Finished migration ChangeOAuthStateColumnToUnboundedVarchar1763572724000
2026-02-02 21:54:50 +09:00: Starting migration CreateBinaryDataTable1763716655000
2026-02-02 21:54:50 +09:00: Finished migration CreateBinaryDataTable1763716655000
2026-02-02 21:54:50 +09:00: Starting migration CreateWorkflowPublishHistoryTable1764167920585
2026-02-02 21:54:50 +09:00: Finished migration CreateWorkflowPublishHistoryTable1764167920585
2026-02-02 21:54:50 +09:00: Starting migration AddCreatorIdToProjectTable1764276827837
2026-02-02 21:54:50 +09:00: Finished migration AddCreatorIdToProjectTable1764276827837
2026-02-02 21:54:50 +09:00: Starting migration CreateDynamicCredentialResolverTable1764682447000
2026-02-02 21:54:50 +09:00: Finished migration CreateDynamicCredentialResolverTable1764682447000
2026-02-02 21:54:50 +09:00: Starting migration AddDynamicCredentialEntryTable1764689388394
2026-02-02 21:54:50 +09:00: Finished migration AddDynamicCredentialEntryTable1764689388394
2026-02-02 21:54:50 +09:00: Starting migration AddResolvableFieldsToCredentials1764689448000
2026-02-02 21:54:50 +09:00: Finished migration AddResolvableFieldsToCredentials1764689448000
2026-02-02 21:54:50 +09:00: Starting migration BackfillMissingWorkflowHistoryRecords1765448186933
2026-02-02 21:54:50 +09:00: Finished migration BackfillMissingWorkflowHistoryRecords1765448186933
2026-02-02 21:54:50 +09:00: Starting migration AddIconToAgentTable1765788427674
2026-02-02 21:54:50 +09:00: Finished migration AddIconToAgentTable1765788427674
2026-02-02 21:54:50 +09:00: Starting migration AddAgentIdForeignKeys1765886667897
2026-02-02 21:54:50 +09:00: Finished migration AddAgentIdForeignKeys1765886667897
2026-02-02 21:54:50 +09:00: Starting migration AddWorkflowVersionIdToExecutionData1765892199653
2026-02-02 21:54:50 +09:00: Finished migration AddWorkflowVersionIdToExecutionData1765892199653
2026-02-02 21:54:50 +09:00: Starting migration AddWorkflowPublishScopeToProjectRoles1766064542000
2026-02-02 21:54:50 +09:00: Added workflow:publish scope to project roles with workflow:update
2026-02-02 21:54:50 +09:00: Finished migration AddWorkflowPublishScopeToProjectRoles1766064542000
2026-02-02 21:54:50 +09:00: Starting migration AddChatMessageIndices1766068346315
2026-02-02 21:54:50 +09:00: Finished migration AddChatMessageIndices1766068346315
2026-02-02 21:54:50 +09:00: n8n Task Broker ready on 127.0.0.1, port 5679
2026-02-02 21:54:50 +09:00: Failed to start Python task runner in internal mode. because Python 3 is missing from this system. Launching a Python runner in internal mode is intended only for debugging and is not recommended for production. Users are encouraged to deploy in external mode. See: https://docs.n8n.io/hosting/configuration/task-runners/#setting-up-external-mode
2026-02-02 21:54:50 +09:00: [license SDK] Skipping renewal on init: license cert is not initialized
2026-02-02 21:54:51 +09:00: Registered runner "JS Task Runner" (kWlvAMdNjBASThublflFJ) 
2026-02-02 21:54:51 +09:00: Version: 2.2.0
2026-02-02 21:54:51 +09:00: Locale: ko
2026-02-02 21:54:51 +09:00: 
2026-02-02 21:54:51 +09:00: Editor is now accessible via:
2026-02-02 21:54:51 +09:00: http://localhost:5678
2026-02-02 22:00:08 +09:00: Owner was set up successfully
2026-02-02 22:02:57 +09:00: User survey updated successfully
2026-02-02 22:09:07 +09:00: [license SDK] license successfully activated
2026-02-02 22:09:32 +09:00: [license SDK] license activation failed: consumer already has a valid entitlement for this reservation
2026-02-02 22:12:35 +09:00: [license SDK] license successfully renewed
2026-02-02 22:13:00 +09:00: [license SDK] license activation failed: consumer already has a valid entitlement for this reservation
2026-02-02 22:33:02 +09:00: [license SDK] license successfully renewed
2026-02-02 22:33:35 +09:00: [license SDK] license activation failed: consumer already has a valid entitlement for this reservation
2026-02-02 22:54:51 +09:00: Starting workflow history compaction
2026-02-02 22:54:51 +09:00: Workflow history compaction complete
2026-02-02 23:54:51 +09:00: Starting workflow history compaction
2026-02-02 23:54:51 +09:00: Workflow history compaction complete
2026-02-03 00:54:51 +09:00: Starting workflow history compaction
2026-02-03 00:54:51 +09:00: Workflow history compaction complete
2026-02-03 01:54:51 +09:00: Starting workflow history compaction
2026-02-03 01:54:51 +09:00: Workflow history compaction complete
2026-02-03 02:54:51 +09:00: Starting workflow history compaction
2026-02-03 02:54:51 +09:00: Workflow history compaction complete
2026-02-03 03:54:51 +09:00: Starting workflow history compaction
2026-02-03 03:54:51 +09:00: Workflow history compaction complete
2026-02-03 04:54:51 +09:00: Starting workflow history compaction
2026-02-03 04:54:51 +09:00: Workflow history compaction complete
2026-02-03 05:54:51 +09:00: Starting workflow history compaction
2026-02-03 05:54:51 +09:00: Workflow history compaction complete
2026-02-03 06:54:51 +09:00: Starting workflow history compaction
2026-02-03 06:54:51 +09:00: Workflow history compaction complete
2026-02-03 07:54:53 +09:00: Starting workflow history compaction
2026-02-03 07:54:53 +09:00: Workflow history compaction complete
2026-02-03 08:54:53 +09:00: Starting workflow history compaction
2026-02-03 08:54:53 +09:00: Workflow history compaction complete
2026-02-03 09:54:53 +09:00: Starting workflow history compaction
2026-02-03 09:54:53 +09:00: Workflow history compaction complete
2026-02-03 10:54:53 +09:00: Starting workflow history compaction
2026-02-03 10:54:53 +09:00: Workflow history compaction complete
2026-02-03 11:54:53 +09:00: Starting workflow history compaction
2026-02-03 11:54:53 +09:00: Workflow history compaction complete
2026-02-03 12:54:53 +09:00: Starting workflow history compaction
2026-02-03 12:54:53 +09:00: Workflow history compaction complete
2026-02-03 13:54:53 +09:00: Starting workflow history compaction
2026-02-03 13:54:53 +09:00: Workflow history compaction complete
2026-02-03 14:54:53 +09:00: Starting workflow history compaction
2026-02-03 14:54:53 +09:00: Workflow history compaction complete
2026-02-03 15:18:49 +09:00: [license SDK] license successfully renewed
2026-02-03 15:24:48 +09:00: [license SDK] license successfully renewed
2026-02-03 15:54:53 +09:00: Starting workflow history compaction
2026-02-03 15:54:53 +09:00: Workflow history compaction complete
2026-02-03 16:13:38 +09:00: [license SDK] license successfully renewed
2026-02-03 16:54:53 +09:00: Starting workflow history compaction
2026-02-03 16:54:53 +09:00: Workflow history compaction complete
2026-02-03 17:54:53 +09:00: Starting workflow history compaction
2026-02-03 17:54:53 +09:00: Workflow history compaction complete
2026-02-03 18:54:53 +09:00: Starting workflow history compaction
2026-02-03 18:54:53 +09:00: Workflow history compaction complete
2026-02-03 19:54:53 +09:00: Starting workflow history compaction
2026-02-03 19:54:53 +09:00: Workflow history compaction complete
2026-02-03 20:54:53 +09:00: Starting workflow history compaction
2026-02-03 20:54:53 +09:00: Workflow history compaction complete
2026-02-03 21:54:52 +09:00: Pruning old insights data
2026-02-03 21:54:53 +09:00: Starting workflow history compaction
2026-02-03 21:54:53 +09:00: Workflow history compaction complete
2026-02-03 22:54:53 +09:00: Starting workflow history compaction
2026-02-03 22:54:53 +09:00: Workflow history compaction complete
2026-02-03 23:54:53 +09:00: Starting workflow history compaction
2026-02-03 23:54:53 +09:00: Workflow history compaction complete
2026-02-04 00:54:53 +09:00: Starting workflow history compaction
2026-02-04 00:54:53 +09:00: Workflow history compaction complete
2026-02-04 01:54:53 +09:00: Starting workflow history compaction
2026-02-04 01:54:53 +09:00: Workflow history compaction complete
2026-02-04 02:54:53 +09:00: Starting workflow history compaction
2026-02-04 02:54:53 +09:00: Workflow history compaction complete
2026-02-04 03:54:53 +09:00: Starting workflow history compaction
2026-02-04 03:54:53 +09:00: Workflow history compaction complete
2026-02-04 04:54:53 +09:00: Starting workflow history compaction
2026-02-04 04:54:53 +09:00: Workflow history compaction complete
2026-02-04 05:54:53 +09:00: Starting workflow history compaction
2026-02-04 05:54:53 +09:00: Workflow history compaction complete
2026-02-04 06:54:54 +09:00: Starting workflow history compaction
2026-02-04 06:54:54 +09:00: Workflow history compaction complete
2026-02-04 07:54:54 +09:00: Starting workflow history compaction
2026-02-04 07:54:54 +09:00: Workflow history compaction complete
2026-02-04 08:54:54 +09:00: Starting workflow history compaction
2026-02-04 08:54:54 +09:00: Workflow history compaction complete
2026-02-04 09:54:54 +09:00: Starting workflow history compaction
2026-02-04 09:54:54 +09:00: Workflow history compaction complete
2026-02-04 10:54:54 +09:00: Starting workflow history compaction
2026-02-04 10:54:54 +09:00: Workflow history compaction complete
2026-02-04 11:54:54 +09:00: Starting workflow history compaction
2026-02-04 11:54:54 +09:00: Workflow history compaction complete
2026-02-04 12:54:55 +09:00: Starting workflow history compaction
2026-02-04 12:54:55 +09:00: Workflow history compaction complete
2026-02-04 13:54:55 +09:00: Starting workflow history compaction
2026-02-04 13:54:55 +09:00: Workflow history compaction complete
2026-02-04 14:54:55 +09:00: Starting workflow history compaction
2026-02-04 14:54:55 +09:00: Workflow history compaction complete
2026-02-04 15:54:55 +09:00: Starting workflow history compaction
2026-02-04 15:54:55 +09:00: Workflow history compaction complete
2026-02-04 16:54:55 +09:00: Starting workflow history compaction
2026-02-04 16:54:55 +09:00: Workflow history compaction complete
2026-02-04 17:54:55 +09:00: Starting workflow history compaction
2026-02-04 17:54:55 +09:00: Workflow history compaction complete
2026-02-04 18:54:55 +09:00: Starting workflow history compaction
2026-02-04 18:54:55 +09:00: Workflow history compaction complete
2026-02-04 19:54:55 +09:00: Starting workflow history compaction
2026-02-04 19:54:55 +09:00: Workflow history compaction complete
2026-02-04 20:54:55 +09:00: Starting workflow history compaction
2026-02-04 20:54:55 +09:00: Workflow history compaction complete
2026-02-04 21:54:53 +09:00: Pruning old insights data
2026-02-04 21:54:55 +09:00: Starting workflow history compaction
2026-02-04 21:54:55 +09:00: Workflow history compaction complete
2026-02-04 22:54:55 +09:00: Starting workflow history compaction
2026-02-04 22:54:55 +09:00: Workflow history compaction complete
2026-02-04 23:54:55 +09:00: Starting workflow history compaction
2026-02-04 23:54:55 +09:00: Workflow history compaction complete
2026-02-05 00:54:55 +09:00: Starting workflow history compaction
2026-02-05 00:54:55 +09:00: Workflow history compaction complete
2026-02-05 01:54:55 +09:00: Starting workflow history compaction
2026-02-05 01:54:55 +09:00: Workflow history compaction complete
2026-02-05 02:54:55 +09:00: Starting workflow history compaction
2026-02-05 02:54:55 +09:00: Workflow history compaction complete
2026-02-05 03:54:55 +09:00: Starting workflow history compaction
2026-02-05 03:54:55 +09:00: Workflow history compaction complete
2026-02-05 04:54:55 +09:00: Starting workflow history compaction
2026-02-05 04:54:55 +09:00: Workflow history compaction complete
2026-02-05 05:54:56 +09:00: Starting workflow history compaction
2026-02-05 05:54:56 +09:00: Workflow history compaction complete
2026-02-05 06:54:56 +09:00: Starting workflow history compaction
2026-02-05 06:54:56 +09:00: Workflow history compaction complete
2026-02-05 07:54:56 +09:00: Starting workflow history compaction
2026-02-05 07:54:56 +09:00: Workflow history compaction complete
2026-02-05 08:54:56 +09:00: Starting workflow history compaction
2026-02-05 08:54:56 +09:00: Workflow history compaction complete
2026-02-05 09:54:56 +09:00: Starting workflow history compaction
2026-02-05 09:54:56 +09:00: Workflow history compaction complete
2026-02-05 10:54:56 +09:00: Starting workflow history compaction
2026-02-05 10:54:56 +09:00: Workflow history compaction complete
2026-02-05 11:54:56 +09:00: Starting workflow history compaction
2026-02-05 11:54:56 +09:00: Workflow history compaction complete
2026-02-05 12:54:56 +09:00: Starting workflow history compaction
2026-02-05 12:54:56 +09:00: Workflow history compaction complete
2026-02-05 13:54:56 +09:00: Starting workflow history compaction
2026-02-05 13:54:56 +09:00: Workflow history compaction complete
2026-02-05 14:54:56 +09:00: Starting workflow history compaction
2026-02-05 14:54:56 +09:00: Workflow history compaction complete
2026-02-05 15:54:56 +09:00: Starting workflow history compaction
2026-02-05 15:54:56 +09:00: Workflow history compaction complete
2026-02-05 16:54:56 +09:00: Starting workflow history compaction
2026-02-05 16:54:56 +09:00: Workflow history compaction complete
2026-02-05 17:54:56 +09:00: Starting workflow history compaction
2026-02-05 17:54:56 +09:00: Workflow history compaction complete
2026-02-05 18:54:56 +09:00: Starting workflow history compaction
2026-02-05 18:54:56 +09:00: Workflow history compaction complete
2026-02-05 19:54:57 +09:00: Starting workflow history compaction
2026-02-05 19:54:57 +09:00: Workflow history compaction complete
2026-02-05 20:54:57 +09:00: Starting workflow history compaction
2026-02-05 20:54:57 +09:00: Workflow history compaction complete
2026-02-05 21:54:55 +09:00: Pruning old insights data
2026-02-05 21:54:57 +09:00: Starting workflow history compaction
2026-02-05 21:54:57 +09:00: Workflow history compaction complete
2026-02-05 22:54:57 +09:00: Starting workflow history compaction
2026-02-05 22:54:57 +09:00: Workflow history compaction complete
2026-02-05 23:54:57 +09:00: Starting workflow history compaction
2026-02-05 23:54:57 +09:00: Workflow history compaction complete
2026-02-06 00:54:57 +09:00: Starting workflow history compaction
2026-02-06 00:54:57 +09:00: Workflow history compaction complete
2026-02-06 01:54:57 +09:00: Starting workflow history compaction
2026-02-06 01:54:57 +09:00: Workflow history compaction complete
2026-02-06 02:54:57 +09:00: Starting workflow history compaction
2026-02-06 02:54:57 +09:00: Workflow history compaction complete
2026-02-06 03:54:57 +09:00: Starting workflow history compaction
2026-02-06 03:54:57 +09:00: Workflow history compaction complete
2026-02-06 04:54:57 +09:00: Starting workflow history compaction
2026-02-06 04:54:57 +09:00: Workflow history compaction complete
2026-02-06 05:54:58 +09:00: Starting workflow history compaction
2026-02-06 05:54:58 +09:00: Workflow history compaction complete
2026-02-06 06:54:58 +09:00: Starting workflow history compaction
2026-02-06 06:54:58 +09:00: Workflow history compaction complete
2026-02-06 07:54:58 +09:00: Starting workflow history compaction
2026-02-06 07:54:58 +09:00: Workflow history compaction complete
2026-02-06 08:54:58 +09:00: Starting workflow history compaction
2026-02-06 08:54:58 +09:00: Workflow history compaction complete
2026-02-06 09:54:58 +09:00: Starting workflow history compaction
2026-02-06 09:54:58 +09:00: Workflow history compaction complete
2026-02-06 10:54:58 +09:00: Starting workflow history compaction
2026-02-06 10:54:58 +09:00: Workflow history compaction complete
2026-02-06 11:54:58 +09:00: Starting workflow history compaction
2026-02-06 11:54:58 +09:00: Workflow history compaction complete
2026-02-06 12:54:58 +09:00: Starting workflow history compaction
2026-02-06 12:54:58 +09:00: Workflow history compaction complete
2026-02-06 13:54:58 +09:00: Starting workflow history compaction
2026-02-06 13:54:58 +09:00: Workflow history compaction complete
2026-02-06 14:54:58 +09:00: Starting workflow history compaction
2026-02-06 14:54:58 +09:00: Workflow history compaction complete
2026-02-06 15:54:58 +09:00: Starting workflow history compaction
2026-02-06 15:54:58 +09:00: Workflow history compaction complete
2026-02-06 16:54:58 +09:00: Starting workflow history compaction
2026-02-06 16:54:58 +09:00: Workflow history compaction complete
2026-02-06 17:54:59 +09:00: Starting workflow history compaction
2026-02-06 17:54:59 +09:00: Workflow history compaction complete
2026-02-06 18:54:59 +09:00: Starting workflow history compaction
2026-02-06 18:54:59 +09:00: Workflow history compaction complete
2026-02-06 19:54:59 +09:00: Starting workflow history compaction
2026-02-06 19:54:59 +09:00: Workflow history compaction complete
2026-02-06 20:54:59 +09:00: Starting workflow history compaction
2026-02-06 20:54:59 +09:00: Workflow history compaction complete
2026-02-06 21:54:57 +09:00: Pruning old insights data
2026-02-06 21:54:59 +09:00: Starting workflow history compaction
2026-02-06 21:54:59 +09:00: Workflow history compaction complete
2026-02-06 22:54:59 +09:00: Starting workflow history compaction
2026-02-06 22:54:59 +09:00: Workflow history compaction complete
2026-02-06 23:54:59 +09:00: Starting workflow history compaction
2026-02-06 23:54:59 +09:00: Workflow history compaction complete
2026-02-07 00:54:59 +09:00: Starting workflow history compaction
2026-02-07 00:54:59 +09:00: Workflow history compaction complete
2026-02-07 01:54:59 +09:00: Starting workflow history compaction
2026-02-07 01:54:59 +09:00: Workflow history compaction complete
2026-02-07 02:54:59 +09:00: Starting workflow history compaction
2026-02-07 02:54:59 +09:00: Workflow history compaction complete
2026-02-07 03:54:59 +09:00: Starting workflow history compaction
2026-02-07 03:54:59 +09:00: Workflow history compaction complete
2026-02-07 04:54:59 +09:00: Starting workflow history compaction
2026-02-07 04:54:59 +09:00: Workflow history compaction complete
2026-02-07 05:55:00 +09:00: Starting workflow history compaction
2026-02-07 05:55:00 +09:00: Workflow history compaction complete
2026-02-07 06:55:00 +09:00: Starting workflow history compaction
2026-02-07 06:55:00 +09:00: Workflow history compaction complete
2026-02-07 07:55:00 +09:00: Starting workflow history compaction
2026-02-07 07:55:00 +09:00: Workflow history compaction complete
2026-02-07 08:55:00 +09:00: Starting workflow history compaction
2026-02-07 08:55:00 +09:00: Workflow history compaction complete
2026-02-07 09:55:00 +09:00: Starting workflow history compaction
2026-02-07 09:55:00 +09:00: Workflow history compaction complete
2026-02-07 10:55:00 +09:00: Starting workflow history compaction
2026-02-07 10:55:00 +09:00: Workflow history compaction complete
2026-02-07 11:55:00 +09:00: Starting workflow history compaction
2026-02-07 11:55:00 +09:00: Workflow history compaction complete
2026-02-07 12:55:00 +09:00: Starting workflow history compaction
2026-02-07 12:55:00 +09:00: Workflow history compaction complete
2026-02-07 13:55:00 +09:00: Starting workflow history compaction
2026-02-07 13:55:00 +09:00: Workflow history compaction complete
2026-02-07 14:55:01 +09:00: Starting workflow history compaction
2026-02-07 14:55:01 +09:00: Workflow history compaction complete
2026-02-07 15:55:01 +09:00: Starting workflow history compaction
2026-02-07 15:55:01 +09:00: Workflow history compaction complete
2026-02-07 16:55:01 +09:00: Starting workflow history compaction
2026-02-07 16:55:01 +09:00: Workflow history compaction complete
2026-02-07 17:55:01 +09:00: Starting workflow history compaction
2026-02-07 17:55:01 +09:00: Workflow history compaction complete
2026-02-07 18:55:01 +09:00: Starting workflow history compaction
2026-02-07 18:55:01 +09:00: Workflow history compaction complete
2026-02-07 19:55:01 +09:00: Starting workflow history compaction
2026-02-07 19:55:01 +09:00: Workflow history compaction complete
2026-02-07 20:55:01 +09:00: Starting workflow history compaction
2026-02-07 20:55:01 +09:00: Workflow history compaction complete
2026-02-07 21:54:59 +09:00: Pruning old insights data
2026-02-07 21:55:01 +09:00: Starting workflow history compaction
2026-02-07 21:55:01 +09:00: Workflow history compaction complete
2026-02-07 22:55:01 +09:00: Starting workflow history compaction
2026-02-07 22:55:01 +09:00: Workflow history compaction complete
2026-02-07 23:55:01 +09:00: Starting workflow history compaction
2026-02-07 23:55:01 +09:00: Workflow history compaction complete
2026-02-08 00:55:01 +09:00: Starting workflow history compaction
2026-02-08 00:55:01 +09:00: Workflow history compaction complete
2026-02-08 01:55:01 +09:00: Starting workflow history compaction
2026-02-08 01:55:01 +09:00: Workflow history compaction complete
2026-02-08 02:55:01 +09:00: Starting workflow history compaction
2026-02-08 02:55:01 +09:00: Workflow history compaction complete
2026-02-08 03:55:01 +09:00: Starting workflow history compaction
2026-02-08 03:55:01 +09:00: Workflow history compaction complete
2026-02-08 04:55:01 +09:00: Starting workflow history compaction
2026-02-08 04:55:01 +09:00: Workflow history compaction complete
2026-02-08 05:55:02 +09:00: Starting workflow history compaction
2026-02-08 05:55:02 +09:00: Workflow history compaction complete
2026-02-08 06:55:02 +09:00: Starting workflow history compaction
2026-02-08 06:55:02 +09:00: Workflow history compaction complete
2026-02-08 07:55:02 +09:00: Starting workflow history compaction
2026-02-08 07:55:02 +09:00: Workflow history compaction complete
2026-02-08 08:55:02 +09:00: Starting workflow history compaction
2026-02-08 08:55:02 +09:00: Workflow history compaction complete
2026-02-08 09:55:02 +09:00: Starting workflow history compaction
2026-02-08 09:55:02 +09:00: Workflow history compaction complete
2026-02-08 10:55:02 +09:00: Starting workflow history compaction
2026-02-08 10:55:02 +09:00: Workflow history compaction complete
2026-02-08 11:55:02 +09:00: Starting workflow history compaction
2026-02-08 11:55:02 +09:00: Workflow history compaction complete
2026-02-08 12:55:02 +09:00: Starting workflow history compaction
2026-02-08 12:55:02 +09:00: Workflow history compaction complete
2026-02-08 13:55:02 +09:00: Starting workflow history compaction
2026-02-08 13:55:02 +09:00: Workflow history compaction complete
2026-02-08 14:55:02 +09:00: Starting workflow history compaction
2026-02-08 14:55:02 +09:00: Workflow history compaction complete
2026-02-08 15:55:03 +09:00: Starting workflow history compaction
2026-02-08 15:55:03 +09:00: Workflow history compaction complete
2026-02-08 16:55:03 +09:00: Starting workflow history compaction
2026-02-08 16:55:03 +09:00: Workflow history compaction complete
2026-02-08 17:55:03 +09:00: Starting workflow history compaction
2026-02-08 17:55:03 +09:00: Workflow history compaction complete
2026-02-08 18:55:03 +09:00: Starting workflow history compaction
2026-02-08 18:55:03 +09:00: Workflow history compaction complete
2026-02-08 19:55:03 +09:00: Starting workflow history compaction
2026-02-08 19:55:03 +09:00: Workflow history compaction complete
2026-02-08 20:55:03 +09:00: Starting workflow history compaction
2026-02-08 20:55:03 +09:00: Workflow history compaction complete
2026-02-08 21:55:01 +09:00: Pruning old insights data
2026-02-08 21:55:03 +09:00: Starting workflow history compaction
2026-02-08 21:55:03 +09:00: Workflow history compaction complete
2026-02-08 22:55:03 +09:00: Starting workflow history compaction
2026-02-08 22:55:03 +09:00: Workflow history compaction complete
2026-02-08 23:55:03 +09:00: Starting workflow history compaction
2026-02-08 23:55:03 +09:00: Workflow history compaction complete
2026-02-09 00:55:03 +09:00: Starting workflow history compaction
2026-02-09 00:55:03 +09:00: Workflow history compaction complete
2026-02-09 01:55:03 +09:00: Starting workflow history compaction
2026-02-09 01:55:03 +09:00: Workflow history compaction complete
2026-02-09 02:55:03 +09:00: Starting workflow history compaction
2026-02-09 02:55:03 +09:00: Workflow history compaction complete
2026-02-09 03:55:03 +09:00: Starting workflow history compaction
2026-02-09 03:55:03 +09:00: Workflow history compaction complete
2026-02-09 04:55:03 +09:00: Starting workflow history compaction
2026-02-09 04:55:03 +09:00: Workflow history compaction complete
2026-02-09 05:55:04 +09:00: Starting workflow history compaction
2026-02-09 05:55:04 +09:00: Workflow history compaction complete
2026-02-09 06:55:04 +09:00: Starting workflow history compaction
2026-02-09 06:55:04 +09:00: Workflow history compaction complete
2026-02-09 07:55:04 +09:00: Starting workflow history compaction
2026-02-09 07:55:04 +09:00: Workflow history compaction complete
2026-02-09 08:55:04 +09:00: Starting workflow history compaction
2026-02-09 08:55:04 +09:00: Workflow history compaction complete
2026-02-09 09:55:04 +09:00: Starting workflow history compaction
2026-02-09 09:55:04 +09:00: Workflow history compaction complete
2026-02-09 10:55:04 +09:00: Starting workflow history compaction
2026-02-09 10:55:04 +09:00: Workflow history compaction complete
2026-02-09 11:55:04 +09:00: Starting workflow history compaction
2026-02-09 11:55:04 +09:00: Workflow history compaction complete
2026-02-09 12:55:04 +09:00: Starting workflow history compaction
2026-02-09 12:55:04 +09:00: Workflow history compaction complete
2026-02-09 13:55:04 +09:00: Starting workflow history compaction
2026-02-09 13:55:04 +09:00: Workflow history compaction complete
2026-02-09 14:55:04 +09:00: Starting workflow history compaction
2026-02-09 14:55:04 +09:00: Workflow history compaction complete
2026-02-09 15:55:04 +09:00: Starting workflow history compaction
2026-02-09 15:55:04 +09:00: Workflow history compaction complete
2026-02-09 16:55:04 +09:00: Starting workflow history compaction
2026-02-09 16:55:04 +09:00: Workflow history compaction complete
2026-02-09 17:55:04 +09:00: Starting workflow history compaction
2026-02-09 17:55:04 +09:00: Workflow history compaction complete
2026-02-09 18:55:04 +09:00: Starting workflow history compaction
2026-02-09 18:55:04 +09:00: Workflow history compaction complete
2026-02-09 19:55:04 +09:00: Starting workflow history compaction
2026-02-09 19:55:04 +09:00: Workflow history compaction complete
2026-02-09 20:55:04 +09:00: Starting workflow history compaction
2026-02-09 20:55:04 +09:00: Workflow history compaction complete
2026-02-09 21:55:03 +09:00: Pruning old insights data
2026-02-09 21:55:04 +09:00: Starting workflow history compaction
2026-02-09 21:55:04 +09:00: Workflow history compaction complete
2026-02-09 22:55:04 +09:00: Starting workflow history compaction
2026-02-09 22:55:04 +09:00: Workflow history compaction complete
2026-02-09 23:55:04 +09:00: Starting workflow history compaction
2026-02-09 23:55:04 +09:00: Workflow history compaction complete
2026-02-10 00:55:04 +09:00: Starting workflow history compaction
2026-02-10 00:55:04 +09:00: Workflow history compaction complete
2026-02-10 01:55:04 +09:00: Starting workflow history compaction
2026-02-10 01:55:04 +09:00: Workflow history compaction complete
2026-02-10 02:55:04 +09:00: Starting workflow history compaction
2026-02-10 02:55:05 +09:00: Workflow history compaction complete
2026-02-10 03:55:04 +09:00: Starting workflow history compaction
2026-02-10 03:55:05 +09:00: Workflow history compaction complete
2026-02-10 04:55:05 +09:00: Starting workflow history compaction
2026-02-10 04:55:05 +09:00: Workflow history compaction complete
2026-02-10 05:55:06 +09:00: Starting workflow history compaction
2026-02-10 05:55:06 +09:00: Workflow history compaction complete
2026-02-10 06:55:06 +09:00: Starting workflow history compaction
2026-02-10 06:55:06 +09:00: Workflow history compaction complete
2026-02-10 07:55:06 +09:00: Starting workflow history compaction
2026-02-10 07:55:06 +09:00: Workflow history compaction complete
2026-02-10 08:55:06 +09:00: Starting workflow history compaction
2026-02-10 08:55:06 +09:00: Workflow history compaction complete
2026-02-10 09:55:06 +09:00: Starting workflow history compaction
2026-02-10 09:55:06 +09:00: Workflow history compaction complete
2026-02-10 10:55:06 +09:00: Starting workflow history compaction
2026-02-10 10:55:06 +09:00: Workflow history compaction complete
2026-02-10 11:55:06 +09:00: Starting workflow history compaction
2026-02-10 11:55:06 +09:00: Workflow history compaction complete
2026-02-10 12:55:06 +09:00: Starting workflow history compaction
2026-02-10 12:55:06 +09:00: Workflow history compaction complete
2026-02-10 13:55:06 +09:00: Starting workflow history compaction
2026-02-10 13:55:06 +09:00: Workflow history compaction complete
2026-02-10 14:55:06 +09:00: Starting workflow history compaction
2026-02-10 14:55:06 +09:00: Workflow history compaction complete
2026-02-10 15:55:06 +09:00: Starting workflow history compaction
2026-02-10 15:55:06 +09:00: Workflow history compaction complete
2026-02-10 16:25:09 +09:00: [license SDK] attempting license renewal
2026-02-10 16:25:11 +09:00: [license SDK] license successfully renewed
2026-02-10 16:55:06 +09:00: Starting workflow history compaction
2026-02-10 16:55:06 +09:00: Workflow history compaction complete
2026-02-10 17:55:06 +09:00: Starting workflow history compaction
2026-02-10 17:55:06 +09:00: Workflow history compaction complete
2026-02-10 18:55:06 +09:00: Starting workflow history compaction
2026-02-10 18:55:06 +09:00: Workflow history compaction complete
2026-02-10 19:55:06 +09:00: Starting workflow history compaction
2026-02-10 19:55:06 +09:00: Workflow history compaction complete
2026-02-10 20:55:06 +09:00: Starting workflow history compaction
2026-02-10 20:55:06 +09:00: Workflow history compaction complete
2026-02-10 21:55:04 +09:00: Pruning old insights data
2026-02-10 21:55:06 +09:00: Starting workflow history compaction
2026-02-10 21:55:06 +09:00: Workflow history compaction complete
2026-02-10 22:55:06 +09:00: Starting workflow history compaction
2026-02-10 22:55:06 +09:00: Workflow history compaction complete
2026-02-10 23:55:06 +09:00: Starting workflow history compaction
2026-02-10 23:55:06 +09:00: Workflow history compaction complete
2026-02-11 00:55:07 +09:00: Starting workflow history compaction
2026-02-11 00:55:07 +09:00: Workflow history compaction complete
2026-02-11 01:55:07 +09:00: Starting workflow history compaction
2026-02-11 01:55:07 +09:00: Workflow history compaction complete
2026-02-11 02:55:07 +09:00: Starting workflow history compaction
2026-02-11 02:55:07 +09:00: Workflow history compaction complete
2026-02-11 03:55:07 +09:00: Starting workflow history compaction
2026-02-11 03:55:07 +09:00: Workflow history compaction complete
2026-02-11 04:55:07 +09:00: Starting workflow history compaction
2026-02-11 04:55:07 +09:00: Workflow history compaction complete
2026-02-11 05:55:07 +09:00: Starting workflow history compaction
2026-02-11 05:55:07 +09:00: Workflow history compaction complete
2026-02-11 06:55:08 +09:00: Starting workflow history compaction
2026-02-11 06:55:08 +09:00: Workflow history compaction complete
2026-02-11 07:55:08 +09:00: Starting workflow history compaction
2026-02-11 07:55:08 +09:00: Workflow history compaction complete
2026-02-11 08:55:08 +09:00: Starting workflow history compaction
2026-02-11 08:55:08 +09:00: Workflow history compaction complete
2026-02-11 09:55:08 +09:00: Starting workflow history compaction
2026-02-11 09:55:08 +09:00: Workflow history compaction complete
2026-02-11 10:55:08 +09:00: Starting workflow history compaction
2026-02-11 10:55:08 +09:00: Workflow history compaction complete
2026-02-11 11:55:08 +09:00: Starting workflow history compaction
2026-02-11 11:55:08 +09:00: Workflow history compaction complete
2026-02-11 12:55:08 +09:00: Starting workflow history compaction
2026-02-11 12:55:08 +09:00: Workflow history compaction complete
2026-02-11 13:55:08 +09:00: Starting workflow history compaction
2026-02-11 13:55:08 +09:00: Workflow history compaction complete
2026-02-11 14:55:08 +09:00: Starting workflow history compaction
2026-02-11 14:55:08 +09:00: Workflow history compaction complete
2026-02-11 15:55:08 +09:00: Starting workflow history compaction
2026-02-11 15:55:08 +09:00: Workflow history compaction complete
2026-02-11 16:55:08 +09:00: Starting workflow history compaction
2026-02-11 16:55:08 +09:00: Workflow history compaction complete
2026-02-11 17:55:08 +09:00: Starting workflow history compaction
2026-02-11 17:55:08 +09:00: Workflow history compaction complete
2026-02-11 18:55:08 +09:00: Starting workflow history compaction
2026-02-11 18:55:08 +09:00: Workflow history compaction complete
2026-02-11 19:55:08 +09:00: Starting workflow history compaction
2026-02-11 19:55:08 +09:00: Workflow history compaction complete
2026-02-11 20:55:09 +09:00: Starting workflow history compaction
2026-02-11 20:55:09 +09:00: Workflow history compaction complete
2026-02-11 21:55:06 +09:00: Pruning old insights data
2026-02-11 21:55:09 +09:00: Starting workflow history compaction
2026-02-11 21:55:09 +09:00: Workflow history compaction complete
2026-02-11 22:55:09 +09:00: Starting workflow history compaction
2026-02-11 22:55:09 +09:00: Workflow history compaction complete
2026-02-11 23:55:09 +09:00: Starting workflow history compaction
2026-02-11 23:55:09 +09:00: Workflow history compaction complete
2026-02-12 00:55:09 +09:00: Starting workflow history compaction
2026-02-12 00:55:09 +09:00: Workflow history compaction complete
2026-02-12 01:55:09 +09:00: Starting workflow history compaction
2026-02-12 01:55:09 +09:00: Workflow history compaction complete
2026-02-12 02:55:09 +09:00: Starting workflow history compaction
2026-02-12 02:55:09 +09:00: Workflow history compaction complete
2026-02-12 03:55:09 +09:00: Starting workflow history compaction
2026-02-12 03:55:09 +09:00: Workflow history compaction complete
2026-02-12 04:55:09 +09:00: Starting workflow history compaction
2026-02-12 04:55:09 +09:00: Workflow history compaction complete
2026-02-12 05:55:10 +09:00: Starting workflow history compaction
2026-02-12 05:55:10 +09:00: Workflow history compaction complete
2026-02-12 06:55:10 +09:00: Starting workflow history compaction
2026-02-12 06:55:10 +09:00: Workflow history compaction complete
2026-02-12 07:55:10 +09:00: Starting workflow history compaction
2026-02-12 07:55:10 +09:00: Workflow history compaction complete
2026-02-12 08:55:10 +09:00: Starting workflow history compaction
2026-02-12 08:55:10 +09:00: Workflow history compaction complete
2026-02-12 09:55:10 +09:00: Starting workflow history compaction
2026-02-12 09:55:10 +09:00: Workflow history compaction complete
2026-02-12 10:55:10 +09:00: Starting workflow history compaction
2026-02-12 10:55:10 +09:00: Workflow history compaction complete
2026-02-12 11:55:10 +09:00: Starting workflow history compaction
2026-02-12 11:55:10 +09:00: Workflow history compaction complete
2026-02-12 12:55:10 +09:00: Starting workflow history compaction
2026-02-12 12:55:10 +09:00: Workflow history compaction complete
2026-02-12 13:55:10 +09:00: Starting workflow history compaction
2026-02-12 13:55:10 +09:00: Workflow history compaction complete
2026-02-12 14:55:10 +09:00: Starting workflow history compaction
2026-02-12 14:55:10 +09:00: Workflow history compaction complete
2026-02-12 15:55:10 +09:00: Starting workflow history compaction
2026-02-12 15:55:10 +09:00: Workflow history compaction complete
2026-02-12 16:55:10 +09:00: Starting workflow history compaction
2026-02-12 16:55:10 +09:00: Workflow history compaction complete
2026-02-12 17:55:10 +09:00: Starting workflow history compaction
2026-02-12 17:55:10 +09:00: Workflow history compaction complete
2026-02-12 18:55:10 +09:00: Starting workflow history compaction
2026-02-12 18:55:10 +09:00: Workflow history compaction complete
2026-02-12 19:55:10 +09:00: Starting workflow history compaction
2026-02-12 19:55:10 +09:00: Workflow history compaction complete
2026-02-12 20:55:11 +09:00: Starting workflow history compaction
2026-02-12 20:55:11 +09:00: Workflow history compaction complete
2026-02-12 21:55:08 +09:00: Pruning old insights data
2026-02-12 21:55:11 +09:00: Starting workflow history compaction
2026-02-12 21:55:11 +09:00: Workflow history compaction complete
2026-02-12 22:55:11 +09:00: Starting workflow history compaction
2026-02-12 22:55:11 +09:00: Workflow history compaction complete
2026-02-12 23:55:11 +09:00: Starting workflow history compaction
2026-02-12 23:55:11 +09:00: Workflow history compaction complete
2026-02-13 00:55:11 +09:00: Starting workflow history compaction
2026-02-13 00:55:11 +09:00: Workflow history compaction complete
2026-02-13 01:55:11 +09:00: Starting workflow history compaction
2026-02-13 01:55:11 +09:00: Workflow history compaction complete
